// Jest Snapshot v1, https://goo.gl/fbAQLP

exports[`renders correctly 1`] = `
<View>
  <View
    style={
      Object {
        "backgroundColor": "white",
        "height": 0,
      }
    }
  >
    <RCTScrollView>
      <View>
        <View
          onLayout={[Function]}
        >
          <View
            accessible={true}
            clickable={true}
            isTVSelectable={true}
            onClick={[Function]}
            onResponderGrant={[Function]}
            onResponderMove={[Function]}
            onResponderRelease={[Function]}
            onResponderTerminate={[Function]}
            onResponderTerminationRequest={[Function]}
            onStartShouldSetResponder={[Function]}
            style={
              Object {
                "opacity": 1,
              }
            }
          >
            <Image
              source={
                Object {
                  "uri": "fake_icon.jpg",
                }
              }
            />
            <Text
              ellipsizeMode="tail"
              numberOfLines={1}
              style={
                Array [
                  undefined,
                  Object {
                    "color": "black",
                  },
                  Array [
                    undefined,
                  ],
                ]
              }
            >
              fake_avatar
            </Text>
          </View>
          <View
            accessible={true}
            clickable={true}
            isTVSelectable={true}
            onClick={[Function]}
            onResponderGrant={[Function]}
            onResponderMove={[Function]}
            onResponderRelease={[Function]}
            onResponderTerminate={[Function]}
            onResponderTerminationRequest={[Function]}
            onStartShouldSetResponder={[Function]}
            style={
              Object {
                "opacity": 1,
              }
            }
          >
            <Image
              source={
                Object {
                  "uri": "fake_icon.jpg",
                }
              }
            />
            <Text
              ellipsizeMode="tail"
              numberOfLines={1}
              style={
                Array [
                  undefined,
                  Object {
                    "color": "black",
                  },
                  Array [
                    undefined,
                  ],
                ]
              }
            >
              fake_avatar2
            </Text>
          </View>
        </View>
      </View>
    </RCTScrollView>
    <View
      style={
        Object {
          "paddingBottom": 0,
        }
      }
    >
      <View
        accessible={true}
        clickable={true}
        isTVSelectable={true}
        onClick={[Function]}
        onResponderGrant={[Function]}
        onResponderMove={[Function]}
        onResponderRelease={[Function]}
        onResponderTerminate={[Function]}
        onResponderTerminationRequest={[Function]}
        onStartShouldSetResponder={[Function]}
        style={
          Object {
            "opacity": 1,
          }
        }
      >
        <Text
          allowFontScaling={false}
          style={
            Array [
              Object {
                "color": undefined,
                "fontSize": 12,
              },
              undefined,
              Object {
                "fontFamily": "FontAwesome",
                "fontStyle": "normal",
                "fontWeight": "normal",
              },
              Object {},
            ]
          }
        >
          ÔÅ∏
        </Text>
      </View>
    </View>
  </View>
  <View
    hitSlop={
      Object {
        "bottom": 10,
        "left": 0,
        "right": 0,
        "top": 10,
      }
    }
    onMoveShouldSetResponder={[Function]}
    onMoveShouldSetResponderCapture={[Function]}
    onResponderEnd={[Function]}
    onResponderGrant={[Function]}
    onResponderMove={[Function]}
    onResponderReject={[Function]}
    onResponderRelease={[Function]}
    onResponderStart={[Function]}
    onResponderTerminate={[Function]}
    onResponderTerminationRequest={[Function]}
    onStartShouldSetResponder={[Function]}
    onStartShouldSetResponderCapture={[Function]}
    style={
      Object {
        "bottom": 0,
      }
    }
  >
    <View />
    <View>
      <View>
        <View />
        <View />
      </View>
    </View>
  </View>
</View>
`;
