// Jest Snapshot v1, https://goo.gl/fbAQLP

exports[`renders correctly 1`] = `
<View>
  <RCTScrollView>
    <View>
      <View>
        <View />
      </View>
    </View>
  </RCTScrollView>
  <View
    style={
      Array [
        undefined,
        false,
      ]
    }
  >
    <View>
      <View
        accessible={true}
        clickable={true}
        isTVSelectable={true}
        onClick={[Function]}
        onResponderGrant={[Function]}
        onResponderMove={[Function]}
        onResponderRelease={[Function]}
        onResponderTerminate={[Function]}
        onResponderTerminationRequest={[Function]}
        onStartShouldSetResponder={[Function]}
        style={
          Object {
            "opacity": 1,
          }
        }
      >
        <View>
          <Text
            style={
              Array [
                undefined,
              ]
            }
          >
            Choose Category
          </Text>
          <Text
            allowFontScaling={false}
            style={
              Array [
                Object {
                  "color": undefined,
                  "fontSize": 12,
                },
                undefined,
                Object {
                  "fontFamily": "FontAwesome",
                  "fontStyle": "normal",
                  "fontWeight": "normal",
                },
                Object {},
              ]
            }
          >
            ï„‡
          </Text>
        </View>
      </View>
    </View>
  </View>
</View>
`;
